test1.log:[LOG] Raspberry
test1.log:[LOG] Raspberry
test1.log:[LOG] Raspberry
test1.log:[LOG] Raspberry
test1.log:[LOG] Raspberry
test1.log:[LOG] Raspberry
test1.log:[LOG] Raspberry
test1.log:[LOG] Raspberry
test1.log:[LOG] Raspberry
test1.log:[LOG] Raspberry
test2.log:[LOG] Raspberry
test2.log:[LOG] Raspberry
test2.log:[LOG] Raspberry
test2.log:[LOG] Raspberry
test2.log:[LOG] Raspberry
test2.log:[LOG] Raspberry
test2.log:[LOG] Raspberry
test2.log:[LOG] Raspberry
test2.log:[LOG] Raspberry
test2.log:[LOG] Raspberry
test3.log:[LOG] Raspberry
test3.log:[LOG] Raspberry
test3.log:[LOG] Raspberry
test3.log:[LOG] Raspberry
test3.log:[LOG] Raspberry
test3.log:[LOG] Raspberry
test3.log:[LOG] Raspberry
test3.log:[LOG] Raspberry
test3.log:[LOG] Raspberry
test3.log:[LOG] Raspberry
test4.log:[LOG] Raspberry
test4.log:[LOG] Raspberry
test4.log:[LOG] Raspberry
test4.log:[LOG] Raspberry
test4.log:[LOG] Raspberry
test4.log:[LOG] Raspberry
test4.log:[LOG] Raspberry
test4.log:[LOG] Raspberry
test4.log:[LOG] Raspberry
test4.log:[LOG] Raspberry
test5.log:[LOG] Raspberry
test5.log:[LOG] Raspberry
test5.log:[LOG] Raspberry
test5.log:[LOG] Raspberry
test5.log:[LOG] Raspberry
test5.log:[LOG] Raspberry
test5.log:[LOG] Raspberry
test5.log:[LOG] Raspberry
test5.log:[LOG] Raspberry
test5.log:[LOG] Raspberry
test6.log:[LOG] Raspberry
test6.log:[LOG] Raspberry
test6.log:[LOG] Raspberry
test6.log:[LOG] Raspberry
test6.log:[LOG] Raspberry
test6.log:[LOG] Raspberry
test6.log:[LOG] Raspberry
test6.log:[LOG] Raspberry
test6.log:[LOG] Raspberry
test6.log:[LOG] Raspberry